/home/heavyubuntu/micromamba/envs/freesplatter/lib/python3.10/site-packages/xformers/ops/fmha/flash.py:211: FutureWarning: `torch.library.impl_abstract` was renamed to `torch.library.register_fake`. Please use that instead; we will remove `torch.library.impl_abstract` in a future version of PyTorch.
  @torch.library.impl_abstract("xformers_flash::flash_fwd")
/home/heavyubuntu/micromamba/envs/freesplatter/lib/python3.10/site-packages/xformers/ops/fmha/flash.py:344: FutureWarning: `torch.library.impl_abstract` was renamed to `torch.library.register_fake`. Please use that instead; we will remove `torch.library.impl_abstract` in a future version of PyTorch.
  @torch.library.impl_abstract("xformers_flash::flash_bwd")
/home/heavyubuntu/micromamba/envs/freesplatter/lib/python3.10/site-packages/timm/models/layers/__init__.py:49: FutureWarning: Importing from timm.models.layers is deprecated, please import via timm.layers
  warnings.warn(f"Importing from {__name__} is deprecated, please import via timm.layers", FutureWarning)
/home/heavyubuntu/micromamba/envs/freesplatter/lib/python3.10/site-packages/timm/models/registry.py:4: FutureWarning: Importing from timm.models.registry is deprecated, please import via timm.models
  warnings.warn(f"Importing from {__name__} is deprecated, please import via timm.models", FutureWarning)
[FreeSplatter] Pre-loading FreeSplatter runner and bootstrapping precision patches...
[FreeSplatter Module] Environment successfully isolated on GPU: 1
[FreeSplatter Module] Applying low-memory precision and clean-exit patches...
[FreeSplatter Module] Loading core runner pipelines into memory...
Loading pipeline components...:   0%|          | 0/8 [00:00<?, ?it/s]An error occurred while trying to fetch ckpts/models--sudo-ai--zero123plus-v1.1/snapshots/36df7de980afd15f80b2e1a4e9a920d7020e2654/unet: Error no file named diffusion_pytorch_model.safetensors found in directory ckpts/models--sudo-ai--zero123plus-v1.1/snapshots/36df7de980afd15f80b2e1a4e9a920d7020e2654/unet.
Defaulting to unsafe serialization. Pass `allow_pickle=False` to raise an error instead.
Loading pipeline components...:  12%|█▎        | 1/8 [00:01<00:08,  1.27s/it]An error occurred while trying to fetch ckpts/models--sudo-ai--zero123plus-v1.1/snapshots/36df7de980afd15f80b2e1a4e9a920d7020e2654/vae: Error no file named diffusion_pytorch_model.safetensors found in directory ckpts/models--sudo-ai--zero123plus-v1.1/snapshots/36df7de980afd15f80b2e1a4e9a920d7020e2654/vae.
Defaulting to unsafe serialization. Pass `allow_pickle=False` to raise an error instead.
Loading pipeline components...:  75%|███████▌  | 6/8 [00:01<00:00,  4.99it/s]Loading pipeline components...: 100%|██████████| 8/8 [00:02<00:00,  4.35it/s]Loading pipeline components...: 100%|██████████| 8/8 [00:02<00:00,  3.81it/s]
 -> Enabling sequential CPU offload for DiffusionPipeline...
Loading pipeline components...:   0%|          | 0/8 [00:00<?, ?it/s]Loading pipeline components...:  12%|█▎        | 1/8 [00:01<00:10,  1.44s/it]Loading pipeline components...:  75%|███████▌  | 6/8 [00:01<00:00,  5.13it/s]Loading pipeline components...: 100%|██████████| 8/8 [00:02<00:00,  3.82it/s]
 -> Enabling sequential CPU offload for DiffusionPipeline...
Loading pipeline components...:   0%|          | 0/7 [00:00<?, ?it/s]Loading pipeline components...:  14%|█▍        | 1/7 [00:00<00:03,  1.69it/s]Loading pipeline components...:  86%|████████▌ | 6/7 [00:01<00:00,  6.45it/s]Loading pipeline components...: 100%|██████████| 7/7 [00:01<00:00,  5.65it/s]Loading pipeline components...: 100%|██████████| 7/7 [00:01<00:00,  5.28it/s]
/home/heavyubuntu/Dropbox/TUM/Subjects/IN2018 Augmented Reality/GroupProject/playground_connector/object_extraction/FreeSplatter/freesplatter/hunyuan/hunyuan3d_mvd_std_pipeline.py:469: FutureWarning: You are using `torch.load` with `weights_only=False` (the current default value), which uses the default pickle module implicitly. It is possible to construct malicious pickle data which will execute arbitrary code during unpickling (See https://github.com/pytorch/pytorch/blob/main/SECURITY.md#untrusted-models for more details). In a future release, the default value for `weights_only` will be flipped to `True`. This limits the functions that could be executed during unpickling. Arbitrary objects will no longer be allowed to be loaded via this mode unless they are explicitly allowlisted by the user via `torch.serialization.add_safe_globals`. We recommend you start setting `weights_only=True` for any use case where you don't have full control of the loaded file. Please open an issue on GitHub for any issues related to this experimental feature.
  pipeline.uc_text_emb = torch.load(os.path.join(pretrained_model_name_or_path, "uc_text_emb.pt"))
/home/heavyubuntu/Dropbox/TUM/Subjects/IN2018 Augmented Reality/GroupProject/playground_connector/object_extraction/FreeSplatter/freesplatter/hunyuan/hunyuan3d_mvd_std_pipeline.py:470: FutureWarning: You are using `torch.load` with `weights_only=False` (the current default value), which uses the default pickle module implicitly. It is possible to construct malicious pickle data which will execute arbitrary code during unpickling (See https://github.com/pytorch/pytorch/blob/main/SECURITY.md#untrusted-models for more details). In a future release, the default value for `weights_only` will be flipped to `True`. This limits the functions that could be executed during unpickling. Arbitrary objects will no longer be allowed to be loaded via this mode unless they are explicitly allowlisted by the user via `torch.serialization.add_safe_globals`. We recommend you start setting `weights_only=True` for any use case where you don't have full control of the loaded file. Please open an issue on GitHub for any issues related to this experimental feature.
  pipeline.uc_text_emb_2 = torch.load(os.path.join(pretrained_model_name_or_path, "uc_text_emb_2.pt"))
INFO:     Started server process [4742]
INFO:     Waiting for application startup.
INFO:     Application startup complete.
INFO:     Uvicorn running on http://127.0.0.1:8002 (Press CTRL+C to quit)
INFO:     Shutting down
INFO:     Waiting for application shutdown.
INFO:     Application shutdown complete.
INFO:     Finished server process [4742]
Interrupted system call ; error code 4
